⇑f 0 1 : ℕ
f 0 1 : ℕ
⇑f 0 1 : ℕ
@coe_fn.{1 1} (Functor.{0} nat) (coe_functor_to_fn.{0} nat) f (@zero.{0} nat nat.has_zero) (@one.{0} nat nat.has_one) :
  nat
