@mul.{0} nat nat.has_mul a b : nat
@add.{0} nat nat.has_add a b : nat
@mul.{0} nat nat.has_mul a b : nat
@add.{0} nat nat.has_add a b : nat
