crash.lean:6:11: error: don't know how to synthesize placeholder
context:
P : Prop
⊢ Sort ?
crash.lean:9:17: error: invalid have-expression, expression
  H
has type
  P
but is expected to have type
  ¬P
