@eq.{1} (nat â†’ nat) (@add.{0} nat nat_has_add2 a) (Î» (x : nat), @add.{0} nat nat_has_add2 a b)
