@eq.{1} nat (@add.{0} nat nat_has_add2 a b) (@add.{0} nat nat_has_add2 a b)
@eq.{1} (nat â†’ nat) (Î» (x : nat), @add.{0} nat nat_has_add2 a b) (@add.{0} nat nat_has_add2 a)
