@eq.{1} (nat → nat) (λ (x : nat), @add.{0} nat (nat_has_add3 x) a b) (@add.{0} nat nat_has_add2 a)
---------
@eq.{1} (nat → nat) (λ (x : nat), @add.{0} nat nat_has_add2 a b) (@add.{0} nat nat_has_add2 a)
