quot.sound : ∀ {α : Type u} {r : α → α → Prop} {a b : α}, r a b → quot.mk r a = quot.mk r b
classical.strong_indefinite_description : Π {a : Sort u} (p : a → Prop), nonempty a → {x // (∃ (y : a), p y) → p x}
propext : ∀ {a b : Prop}, (a ↔ b) → a = b
