@add.{0} nat nat.has_add ?m_1 b
nat
------ after instantiate_mvars
@add.{0} nat nat.has_add c b
