@add.{0} nat nat.has_add a b
nat
@add.{0} nat nat.has_add (nat.succ a) b
nat
