âˆ€ (a : A) (l : list.{0} A), @all A l (R a) : Prop
