a + b = 0
after pp.all true
@eq.{1} nat (@add.{0} nat nat.has_add a b) (@zero.{0} nat nat.has_zero)
set_bool_option tactic does not affect other commands
0 + 1 : â„•
