{"message":"file invalidated","response":"ok","seq_num":0}
{"completions":[{"source":{"column":10,"line":3},"text":"foo.induction_on","type":"∀ (C : foo → Prop) (n : foo), C n"},{"source":{"column":10,"line":3},"text":"foo.rec","type":"Π (C : foo → Sort l) (n : foo), C n"},{"source":{"column":10,"line":3},"text":"foo.rec_on","type":"Π (C : foo → Sort l) (n : foo), C n"},{"source":{"column":10,"line":3},"text":"foo","type":"Type"}],"prefix":"foo.","response":"ok","seq_num":6}
